AIMGM
0,0,3.14159,3.14159,0.5,5e-09,1e-08,4,0.01,8192,1,0.075901,3.454477e-02
0,0,3.14159,3.14159,0.5,5e-09,1e-08,8,0.01,8192,3,0.232389,8.549911e-03
0,0,3.14159,3.14159,0.5,5e-09,1e-08,16,0.01,8192,4,1.1847,2.132079e-03
BD-ADI
0,0,3.14159,3.14159,0.5,5e-09,1e-08,4,0.01,8192,0,0.557702,3.447405e-02
0,0,3.14159,3.14159,0.5,5e-09,1e-08,8,0.01,8192,0,4.25719,8.477281e-03
0,0,3.14159,3.14159,0.5,5e-09,1e-08,16,0.01,8192,0,56.2289,2.058973e-03
